mode: set
github.com/open-telemetry/opentelemetry-collector-contrib/exporter/natsexporter/internal/publisher/jetstream_options.go:17.68,18.98 1 0
github.com/open-telemetry/opentelemetry-collector-contrib/exporter/natsexporter/internal/publisher/jetstream_options.go:18.98,20.3 1 0
github.com/open-telemetry/opentelemetry-collector-contrib/exporter/natsexporter/internal/publisher/jetstream_options.go:23.66,24.98 1 0
github.com/open-telemetry/opentelemetry-collector-contrib/exporter/natsexporter/internal/publisher/jetstream_options.go:24.98,26.3 1 0
github.com/open-telemetry/opentelemetry-collector-contrib/exporter/natsexporter/internal/publisher/jetstream_options.go:29.68,30.98 1 0
github.com/open-telemetry/opentelemetry-collector-contrib/exporter/natsexporter/internal/publisher/jetstream_options.go:30.98,32.3 1 0
github.com/open-telemetry/opentelemetry-collector-contrib/exporter/natsexporter/internal/publisher/jetstream_options.go:35.63,37.17 2 0
github.com/open-telemetry/opentelemetry-collector-contrib/exporter/natsexporter/internal/publisher/jetstream_options.go:37.17,38.102 1 0
github.com/open-telemetry/opentelemetry-collector-contrib/exporter/natsexporter/internal/publisher/jetstream_options.go:38.102,42.4 3 0
github.com/open-telemetry/opentelemetry-collector-contrib/exporter/natsexporter/internal/publisher/jetstream_options.go:43.8,44.99 1 0
github.com/open-telemetry/opentelemetry-collector-contrib/exporter/natsexporter/internal/publisher/jetstream_options.go:44.99,46.4 1 0
github.com/open-telemetry/opentelemetry-collector-contrib/exporter/natsexporter/internal/publisher/jetstream_options.go:48.2,48.82 1 0
github.com/open-telemetry/opentelemetry-collector-contrib/exporter/natsexporter/internal/publisher/jetstream_options.go:51.80,53.2 1 0
github.com/open-telemetry/opentelemetry-collector-contrib/exporter/natsexporter/internal/publisher/jetstream_options.go:55.87,57.63 2 0
github.com/open-telemetry/opentelemetry-collector-contrib/exporter/natsexporter/internal/publisher/jetstream_options.go:57.63,59.3 1 0
github.com/open-telemetry/opentelemetry-collector-contrib/exporter/natsexporter/internal/publisher/jetstream_options.go:60.2,60.24 1 0
github.com/open-telemetry/opentelemetry-collector-contrib/exporter/natsexporter/internal/publisher/nats_options.go:19.48,20.76 1 1
github.com/open-telemetry/opentelemetry-collector-contrib/exporter/natsexporter/internal/publisher/nats_options.go:20.76,22.3 1 1
github.com/open-telemetry/opentelemetry-collector-contrib/exporter/natsexporter/internal/publisher/nats_options.go:25.51,26.76 1 1
github.com/open-telemetry/opentelemetry-collector-contrib/exporter/natsexporter/internal/publisher/nats_options.go:26.76,28.3 1 1
github.com/open-telemetry/opentelemetry-collector-contrib/exporter/natsexporter/internal/publisher/nats_options.go:31.47,32.76 1 1
github.com/open-telemetry/opentelemetry-collector-contrib/exporter/natsexporter/internal/publisher/nats_options.go:32.76,34.3 1 1
github.com/open-telemetry/opentelemetry-collector-contrib/exporter/natsexporter/internal/publisher/nats_options.go:37.62,38.76 1 1
github.com/open-telemetry/opentelemetry-collector-contrib/exporter/natsexporter/internal/publisher/nats_options.go:38.76,41.3 2 1
github.com/open-telemetry/opentelemetry-collector-contrib/exporter/natsexporter/internal/publisher/nats_options.go:44.51,46.16 2 1
github.com/open-telemetry/opentelemetry-collector-contrib/exporter/natsexporter/internal/publisher/nats_options.go:46.16,48.3 1 0
github.com/open-telemetry/opentelemetry-collector-contrib/exporter/natsexporter/internal/publisher/nats_options.go:50.2,51.16 2 1
github.com/open-telemetry/opentelemetry-collector-contrib/exporter/natsexporter/internal/publisher/nats_options.go:51.16,53.3 1 0
github.com/open-telemetry/opentelemetry-collector-contrib/exporter/natsexporter/internal/publisher/nats_options.go:55.2,55.76 1 1
github.com/open-telemetry/opentelemetry-collector-contrib/exporter/natsexporter/internal/publisher/nats_options.go:55.76,58.3 2 1
github.com/open-telemetry/opentelemetry-collector-contrib/exporter/natsexporter/internal/publisher/nats_options.go:59.2,59.12 1 1
github.com/open-telemetry/opentelemetry-collector-contrib/exporter/natsexporter/internal/publisher/nats_options.go:62.70,64.16 2 1
github.com/open-telemetry/opentelemetry-collector-contrib/exporter/natsexporter/internal/publisher/nats_options.go:64.16,66.3 1 0
github.com/open-telemetry/opentelemetry-collector-contrib/exporter/natsexporter/internal/publisher/nats_options.go:68.2,68.76 1 1
github.com/open-telemetry/opentelemetry-collector-contrib/exporter/natsexporter/internal/publisher/nats_options.go:68.76,69.44 1 1
github.com/open-telemetry/opentelemetry-collector-contrib/exporter/natsexporter/internal/publisher/nats_options.go:69.44,71.4 1 1
github.com/open-telemetry/opentelemetry-collector-contrib/exporter/natsexporter/internal/publisher/nats_options.go:72.3,72.37 1 1
github.com/open-telemetry/opentelemetry-collector-contrib/exporter/natsexporter/internal/publisher/nats_options.go:74.2,74.12 1 1
github.com/open-telemetry/opentelemetry-collector-contrib/exporter/natsexporter/internal/publisher/nats_options.go:77.67,79.16 2 1
github.com/open-telemetry/opentelemetry-collector-contrib/exporter/natsexporter/internal/publisher/nats_options.go:79.16,81.3 1 0
github.com/open-telemetry/opentelemetry-collector-contrib/exporter/natsexporter/internal/publisher/nats_options.go:83.2,84.16 2 1
github.com/open-telemetry/opentelemetry-collector-contrib/exporter/natsexporter/internal/publisher/nats_options.go:84.16,86.3 1 0
github.com/open-telemetry/opentelemetry-collector-contrib/exporter/natsexporter/internal/publisher/nats_options.go:88.2,89.16 2 1
github.com/open-telemetry/opentelemetry-collector-contrib/exporter/natsexporter/internal/publisher/nats_options.go:89.16,91.3 1 0
github.com/open-telemetry/opentelemetry-collector-contrib/exporter/natsexporter/internal/publisher/nats_options.go:93.2,93.76 1 1
github.com/open-telemetry/opentelemetry-collector-contrib/exporter/natsexporter/internal/publisher/nats_options.go:93.76,94.44 1 1
github.com/open-telemetry/opentelemetry-collector-contrib/exporter/natsexporter/internal/publisher/nats_options.go:94.44,96.4 1 1
github.com/open-telemetry/opentelemetry-collector-contrib/exporter/natsexporter/internal/publisher/nats_options.go:97.3,97.37 1 1
github.com/open-telemetry/opentelemetry-collector-contrib/exporter/natsexporter/internal/publisher/nats_options.go:99.2,99.12 1 1
github.com/open-telemetry/opentelemetry-collector-contrib/exporter/natsexporter/internal/publisher/nats_options.go:102.53,104.50 2 1
github.com/open-telemetry/opentelemetry-collector-contrib/exporter/natsexporter/internal/publisher/nats_options.go:104.50,106.3 1 1
github.com/open-telemetry/opentelemetry-collector-contrib/exporter/natsexporter/internal/publisher/nats_options.go:107.2,107.17 1 1
github.com/open-telemetry/opentelemetry-collector-contrib/exporter/natsexporter/internal/publisher/publisher.go:21.41,23.16 2 0
github.com/open-telemetry/opentelemetry-collector-contrib/exporter/natsexporter/internal/publisher/publisher.go:23.16,25.3 1 0
github.com/open-telemetry/opentelemetry-collector-contrib/exporter/natsexporter/internal/publisher/publisher.go:26.2,28.12 2 0
github.com/open-telemetry/opentelemetry-collector-contrib/exporter/natsexporter/internal/publisher/publisher.go:31.87,33.2 1 0
github.com/open-telemetry/opentelemetry-collector-contrib/exporter/natsexporter/internal/publisher/publisher.go:35.44,40.2 2 0
github.com/open-telemetry/opentelemetry-collector-contrib/exporter/natsexporter/internal/publisher/publisher.go:44.68,48.2 1 0
github.com/open-telemetry/opentelemetry-collector-contrib/exporter/natsexporter/internal/publisher/publisher.go:57.46,59.16 2 0
github.com/open-telemetry/opentelemetry-collector-contrib/exporter/natsexporter/internal/publisher/publisher.go:59.16,61.3 1 0
github.com/open-telemetry/opentelemetry-collector-contrib/exporter/natsexporter/internal/publisher/publisher.go:62.2,65.16 3 0
github.com/open-telemetry/opentelemetry-collector-contrib/exporter/natsexporter/internal/publisher/publisher.go:65.16,67.3 1 0
github.com/open-telemetry/opentelemetry-collector-contrib/exporter/natsexporter/internal/publisher/publisher.go:68.2,70.12 2 0
github.com/open-telemetry/opentelemetry-collector-contrib/exporter/natsexporter/internal/publisher/publisher.go:73.94,76.2 2 0
github.com/open-telemetry/opentelemetry-collector-contrib/exporter/natsexporter/internal/publisher/publisher.go:78.49,83.2 2 0
github.com/open-telemetry/opentelemetry-collector-contrib/exporter/natsexporter/internal/publisher/publisher.go:87.109,92.2 1 0
